  Determining projects to restore...
  All projects are up-to-date for restore.
/home/j4ckgrey/jellyfin-workspace/Cavea/Tasks/CaveaSyncTask.cs(109,46): warning CS8600: Converting null literal or possible null value to non-nullable type. [/home/j4ckgrey/jellyfin-workspace/Cavea/Cavea.csproj]
/home/j4ckgrey/jellyfin-workspace/Cavea/Api/WebCompatController.cs(221,57): warning CS8632: The annotation for nullable reference types should only be used in code within a '#nullable' annotations context. [/home/j4ckgrey/jellyfin-workspace/Cavea/Cavea.csproj]
/home/j4ckgrey/jellyfin-workspace/Cavea/Tasks/CaveaSyncTask.cs(236,17): warning CS8602: Dereference of a possibly null reference. [/home/j4ckgrey/jellyfin-workspace/Cavea/Cavea.csproj]
/home/j4ckgrey/jellyfin-workspace/Cavea/Tasks/CaveaSyncTask.cs(263,21): warning CS8601: Possible null reference assignment. [/home/j4ckgrey/jellyfin-workspace/Cavea/Cavea.csproj]
/home/j4ckgrey/jellyfin-workspace/Cavea/Tasks/CaveaSyncTask.cs(260,34): warning CS8600: Converting null literal or possible null value to non-nullable type. [/home/j4ckgrey/jellyfin-workspace/Cavea/Cavea.csproj]
/home/j4ckgrey/jellyfin-workspace/Cavea/Tasks/CaveaSyncTask.cs(271,23): warning CS8602: Dereference of a possibly null reference. [/home/j4ckgrey/jellyfin-workspace/Cavea/Cavea.csproj]
/home/j4ckgrey/jellyfin-workspace/Cavea/Api/WebCompatController.cs(318,73): warning CS8632: The annotation for nullable reference types should only be used in code within a '#nullable' annotations context. [/home/j4ckgrey/jellyfin-workspace/Cavea/Cavea.csproj]
/home/j4ckgrey/jellyfin-workspace/Cavea/Api/WebCompatController.cs(318,92): warning CS8632: The annotation for nullable reference types should only be used in code within a '#nullable' annotations context. [/home/j4ckgrey/jellyfin-workspace/Cavea/Cavea.csproj]
/home/j4ckgrey/jellyfin-workspace/Cavea/Api/WebCompatController.cs(319,27): warning CS8632: The annotation for nullable reference types should only be used in code within a '#nullable' annotations context. [/home/j4ckgrey/jellyfin-workspace/Cavea/Cavea.csproj]
/home/j4ckgrey/jellyfin-workspace/Cavea/Api/WebCompatController.cs(319,42): warning CS8632: The annotation for nullable reference types should only be used in code within a '#nullable' annotations context. [/home/j4ckgrey/jellyfin-workspace/Cavea/Cavea.csproj]
/home/j4ckgrey/jellyfin-workspace/Cavea/Api/WebCompatController.cs(319,56): warning CS8632: The annotation for nullable reference types should only be used in code within a '#nullable' annotations context. [/home/j4ckgrey/jellyfin-workspace/Cavea/Cavea.csproj]
/home/j4ckgrey/jellyfin-workspace/Cavea/Api/CatalogController.cs(476,33): warning CS4014: Because this call is not awaited, execution of the current method continues before the call is completed. Consider applying the 'await' operator to the result of the call. [/home/j4ckgrey/jellyfin-workspace/Cavea/Cavea.csproj]
/home/j4ckgrey/jellyfin-workspace/Cavea/Api/CatalogController.cs(490,37): warning CS4014: Because this call is not awaited, execution of the current method continues before the call is completed. Consider applying the 'await' operator to the result of the call. [/home/j4ckgrey/jellyfin-workspace/Cavea/Cavea.csproj]
/home/j4ckgrey/jellyfin-workspace/Cavea/Api/CatalogController.cs(568,33): warning CS4014: Because this call is not awaited, execution of the current method continues before the call is completed. Consider applying the 'await' operator to the result of the call. [/home/j4ckgrey/jellyfin-workspace/Cavea/Cavea.csproj]
/home/j4ckgrey/jellyfin-workspace/Cavea/Api/CatalogController.cs(587,41): warning CS4014: Because this call is not awaited, execution of the current method continues before the call is completed. Consider applying the 'await' operator to the result of the call. [/home/j4ckgrey/jellyfin-workspace/Cavea/Cavea.csproj]
/home/j4ckgrey/jellyfin-workspace/Cavea/Api/LibraryController.cs(105,29): error CS0103: The name 'inLibrary' does not exist in the current context [/home/j4ckgrey/jellyfin-workspace/Cavea/Cavea.csproj]
/home/j4ckgrey/jellyfin-workspace/Cavea/Api/LibraryController.cs(127,26): error CS0103: The name 'inLibrary' does not exist in the current context [/home/j4ckgrey/jellyfin-workspace/Cavea/Cavea.csproj]
/home/j4ckgrey/jellyfin-workspace/Cavea/Api/LibraryController.cs(131,41): warning CS8600: Converting null literal or possible null value to non-nullable type. [/home/j4ckgrey/jellyfin-workspace/Cavea/Cavea.csproj]
/home/j4ckgrey/jellyfin-workspace/Cavea/Api/StreamCacheController.cs(428,68): warning CS1998: This async method lacks 'await' operators and will run synchronously. Consider using the 'await' operator to await non-blocking API calls, or 'await Task.Run(...)' to do CPU-bound work on a background thread. [/home/j4ckgrey/jellyfin-workspace/Cavea/Cavea.csproj]
/home/j4ckgrey/jellyfin-workspace/Cavea/Tasks/CatalogSyncTask.cs(558,66): warning CS8604: Possible null reference argument for parameter 'name' in 'FieldInfo? Type.GetField(string name, BindingFlags bindingAttr)'. [/home/j4ckgrey/jellyfin-workspace/Cavea/Cavea.csproj]
/home/j4ckgrey/jellyfin-workspace/Cavea/Tasks/CatalogSyncTask.cs(586,37): warning CS8600: Converting null literal or possible null value to non-nullable type. [/home/j4ckgrey/jellyfin-workspace/Cavea/Cavea.csproj]
/home/j4ckgrey/jellyfin-workspace/Cavea/Tasks/CatalogSyncTask.cs(591,45): warning CS8600: Converting null literal or possible null value to non-nullable type. [/home/j4ckgrey/jellyfin-workspace/Cavea/Cavea.csproj]
/home/j4ckgrey/jellyfin-workspace/Cavea/Tasks/CatalogSyncTask.cs(593,64): warning CS8600: Converting null literal or possible null value to non-nullable type. [/home/j4ckgrey/jellyfin-workspace/Cavea/Cavea.csproj]
/home/j4ckgrey/jellyfin-workspace/Cavea/Tasks/CatalogSyncTask.cs(613,52): warning CS8600: Converting null literal or possible null value to non-nullable type. [/home/j4ckgrey/jellyfin-workspace/Cavea/Cavea.csproj]
/home/j4ckgrey/jellyfin-workspace/Cavea/Tasks/CatalogSyncTask.cs(614,47): warning CS8602: Dereference of a possibly null reference. [/home/j4ckgrey/jellyfin-workspace/Cavea/Cavea.csproj]
/home/j4ckgrey/jellyfin-workspace/Cavea/Tasks/CatalogSyncTask.cs(617,54): warning CS8600: Converting null literal or possible null value to non-nullable type. [/home/j4ckgrey/jellyfin-workspace/Cavea/Cavea.csproj]
/home/j4ckgrey/jellyfin-workspace/Cavea/Tasks/CatalogSyncTask.cs(635,34): warning CS8600: Converting null literal or possible null value to non-nullable type. [/home/j4ckgrey/jellyfin-workspace/Cavea/Cavea.csproj]
/home/j4ckgrey/jellyfin-workspace/Cavea/Api/CatalogController.cs(1731,33): warning CS1998: This async method lacks 'await' operators and will run synchronously. Consider using the 'await' operator to await non-blocking API calls, or 'await Task.Run(...)' to do CPU-bound work on a background thread. [/home/j4ckgrey/jellyfin-workspace/Cavea/Cavea.csproj]
/home/j4ckgrey/jellyfin-workspace/Cavea/Api/CatalogController.cs(1846,28): warning CS1998: This async method lacks 'await' operators and will run synchronously. Consider using the 'await' operator to await non-blocking API calls, or 'await Task.Run(...)' to do CPU-bound work on a background thread. [/home/j4ckgrey/jellyfin-workspace/Cavea/Cavea.csproj]

Build FAILED.

/home/j4ckgrey/jellyfin-workspace/Cavea/Tasks/CaveaSyncTask.cs(109,46): warning CS8600: Converting null literal or possible null value to non-nullable type. [/home/j4ckgrey/jellyfin-workspace/Cavea/Cavea.csproj]
/home/j4ckgrey/jellyfin-workspace/Cavea/Api/WebCompatController.cs(221,57): warning CS8632: The annotation for nullable reference types should only be used in code within a '#nullable' annotations context. [/home/j4ckgrey/jellyfin-workspace/Cavea/Cavea.csproj]
/home/j4ckgrey/jellyfin-workspace/Cavea/Tasks/CaveaSyncTask.cs(236,17): warning CS8602: Dereference of a possibly null reference. [/home/j4ckgrey/jellyfin-workspace/Cavea/Cavea.csproj]
/home/j4ckgrey/jellyfin-workspace/Cavea/Tasks/CaveaSyncTask.cs(263,21): warning CS8601: Possible null reference assignment. [/home/j4ckgrey/jellyfin-workspace/Cavea/Cavea.csproj]
/home/j4ckgrey/jellyfin-workspace/Cavea/Tasks/CaveaSyncTask.cs(260,34): warning CS8600: Converting null literal or possible null value to non-nullable type. [/home/j4ckgrey/jellyfin-workspace/Cavea/Cavea.csproj]
/home/j4ckgrey/jellyfin-workspace/Cavea/Tasks/CaveaSyncTask.cs(271,23): warning CS8602: Dereference of a possibly null reference. [/home/j4ckgrey/jellyfin-workspace/Cavea/Cavea.csproj]
/home/j4ckgrey/jellyfin-workspace/Cavea/Api/WebCompatController.cs(318,73): warning CS8632: The annotation for nullable reference types should only be used in code within a '#nullable' annotations context. [/home/j4ckgrey/jellyfin-workspace/Cavea/Cavea.csproj]
/home/j4ckgrey/jellyfin-workspace/Cavea/Api/WebCompatController.cs(318,92): warning CS8632: The annotation for nullable reference types should only be used in code within a '#nullable' annotations context. [/home/j4ckgrey/jellyfin-workspace/Cavea/Cavea.csproj]
/home/j4ckgrey/jellyfin-workspace/Cavea/Api/WebCompatController.cs(319,27): warning CS8632: The annotation for nullable reference types should only be used in code within a '#nullable' annotations context. [/home/j4ckgrey/jellyfin-workspace/Cavea/Cavea.csproj]
/home/j4ckgrey/jellyfin-workspace/Cavea/Api/WebCompatController.cs(319,42): warning CS8632: The annotation for nullable reference types should only be used in code within a '#nullable' annotations context. [/home/j4ckgrey/jellyfin-workspace/Cavea/Cavea.csproj]
/home/j4ckgrey/jellyfin-workspace/Cavea/Api/WebCompatController.cs(319,56): warning CS8632: The annotation for nullable reference types should only be used in code within a '#nullable' annotations context. [/home/j4ckgrey/jellyfin-workspace/Cavea/Cavea.csproj]
/home/j4ckgrey/jellyfin-workspace/Cavea/Api/CatalogController.cs(476,33): warning CS4014: Because this call is not awaited, execution of the current method continues before the call is completed. Consider applying the 'await' operator to the result of the call. [/home/j4ckgrey/jellyfin-workspace/Cavea/Cavea.csproj]
/home/j4ckgrey/jellyfin-workspace/Cavea/Api/CatalogController.cs(490,37): warning CS4014: Because this call is not awaited, execution of the current method continues before the call is completed. Consider applying the 'await' operator to the result of the call. [/home/j4ckgrey/jellyfin-workspace/Cavea/Cavea.csproj]
/home/j4ckgrey/jellyfin-workspace/Cavea/Api/CatalogController.cs(568,33): warning CS4014: Because this call is not awaited, execution of the current method continues before the call is completed. Consider applying the 'await' operator to the result of the call. [/home/j4ckgrey/jellyfin-workspace/Cavea/Cavea.csproj]
/home/j4ckgrey/jellyfin-workspace/Cavea/Api/CatalogController.cs(587,41): warning CS4014: Because this call is not awaited, execution of the current method continues before the call is completed. Consider applying the 'await' operator to the result of the call. [/home/j4ckgrey/jellyfin-workspace/Cavea/Cavea.csproj]
/home/j4ckgrey/jellyfin-workspace/Cavea/Api/LibraryController.cs(131,41): warning CS8600: Converting null literal or possible null value to non-nullable type. [/home/j4ckgrey/jellyfin-workspace/Cavea/Cavea.csproj]
/home/j4ckgrey/jellyfin-workspace/Cavea/Api/StreamCacheController.cs(428,68): warning CS1998: This async method lacks 'await' operators and will run synchronously. Consider using the 'await' operator to await non-blocking API calls, or 'await Task.Run(...)' to do CPU-bound work on a background thread. [/home/j4ckgrey/jellyfin-workspace/Cavea/Cavea.csproj]
/home/j4ckgrey/jellyfin-workspace/Cavea/Tasks/CatalogSyncTask.cs(558,66): warning CS8604: Possible null reference argument for parameter 'name' in 'FieldInfo? Type.GetField(string name, BindingFlags bindingAttr)'. [/home/j4ckgrey/jellyfin-workspace/Cavea/Cavea.csproj]
/home/j4ckgrey/jellyfin-workspace/Cavea/Tasks/CatalogSyncTask.cs(586,37): warning CS8600: Converting null literal or possible null value to non-nullable type. [/home/j4ckgrey/jellyfin-workspace/Cavea/Cavea.csproj]
/home/j4ckgrey/jellyfin-workspace/Cavea/Tasks/CatalogSyncTask.cs(591,45): warning CS8600: Converting null literal or possible null value to non-nullable type. [/home/j4ckgrey/jellyfin-workspace/Cavea/Cavea.csproj]
/home/j4ckgrey/jellyfin-workspace/Cavea/Tasks/CatalogSyncTask.cs(593,64): warning CS8600: Converting null literal or possible null value to non-nullable type. [/home/j4ckgrey/jellyfin-workspace/Cavea/Cavea.csproj]
/home/j4ckgrey/jellyfin-workspace/Cavea/Tasks/CatalogSyncTask.cs(613,52): warning CS8600: Converting null literal or possible null value to non-nullable type. [/home/j4ckgrey/jellyfin-workspace/Cavea/Cavea.csproj]
/home/j4ckgrey/jellyfin-workspace/Cavea/Tasks/CatalogSyncTask.cs(614,47): warning CS8602: Dereference of a possibly null reference. [/home/j4ckgrey/jellyfin-workspace/Cavea/Cavea.csproj]
/home/j4ckgrey/jellyfin-workspace/Cavea/Tasks/CatalogSyncTask.cs(617,54): warning CS8600: Converting null literal or possible null value to non-nullable type. [/home/j4ckgrey/jellyfin-workspace/Cavea/Cavea.csproj]
/home/j4ckgrey/jellyfin-workspace/Cavea/Tasks/CatalogSyncTask.cs(635,34): warning CS8600: Converting null literal or possible null value to non-nullable type. [/home/j4ckgrey/jellyfin-workspace/Cavea/Cavea.csproj]
/home/j4ckgrey/jellyfin-workspace/Cavea/Api/CatalogController.cs(1731,33): warning CS1998: This async method lacks 'await' operators and will run synchronously. Consider using the 'await' operator to await non-blocking API calls, or 'await Task.Run(...)' to do CPU-bound work on a background thread. [/home/j4ckgrey/jellyfin-workspace/Cavea/Cavea.csproj]
/home/j4ckgrey/jellyfin-workspace/Cavea/Api/CatalogController.cs(1846,28): warning CS1998: This async method lacks 'await' operators and will run synchronously. Consider using the 'await' operator to await non-blocking API calls, or 'await Task.Run(...)' to do CPU-bound work on a background thread. [/home/j4ckgrey/jellyfin-workspace/Cavea/Cavea.csproj]
/home/j4ckgrey/jellyfin-workspace/Cavea/Api/LibraryController.cs(105,29): error CS0103: The name 'inLibrary' does not exist in the current context [/home/j4ckgrey/jellyfin-workspace/Cavea/Cavea.csproj]
/home/j4ckgrey/jellyfin-workspace/Cavea/Api/LibraryController.cs(127,26): error CS0103: The name 'inLibrary' does not exist in the current context [/home/j4ckgrey/jellyfin-workspace/Cavea/Cavea.csproj]
    27 Warning(s)
    2 Error(s)

Time Elapsed 00:00:01.24
